---
created: "2019-07-30T14:48:25.147887Z"
creator: insta@0.8.1
source: newtc/src/featurez/tokens/tests.rs
expression: document
---
|||

===

PipePipe[2]
Pipe[1]
EndOfFile[0]
