---
created: "2019-07-29T15:18:24.330412Z"
creator: insta@0.8.1
source: newtc/src/featurez/syntax/tests.rs
expression: approval_document
---
-1*2+-3
===>
┗ BinaryExpr
  ┠ BinaryExpr
  ┃ ┠ LiteralExpr
  ┃ ┃ ┠ Minus "-"
  ┃ ┃ ┗ IntegerLiteral "1"
  ┃ ┠ Star "*"
  ┃ ┗ LiteralExpr
  ┃   ┗ IntegerLiteral "2"
  ┠ Plus "+"
  ┗ LiteralExpr
    ┠ Minus "-"
    ┗ IntegerLiteral "3"

